============================= test session starts ==============================
platform linux -- Python 3.12.12, pytest-9.0.2, pluggy-1.6.0 -- /tmp/.venv312/bin/python
cachedir: .pytest_cache
rootdir: /Workshop/qwords
collecting ... collected 53 items

tests/test_cli_interface.py::TestDisplayFunctions::test_format_guess_display_all_correct PASSED [  1%]
tests/test_cli_interface.py::TestDisplayFunctions::test_format_guess_display_mixed_feedback PASSED [  3%]
tests/test_cli_interface.py::TestDisplayFunctions::test_format_guess_display_all_absent PASSED [  5%]
tests/test_cli_interface.py::TestDisplayFunctions::test_display_game_board_empty_game PASSED [  7%]
tests/test_cli_interface.py::TestDisplayFunctions::test_display_game_board_with_guesses PASSED [  9%]
tests/test_cli_interface.py::TestDisplayFunctions::test_show_game_rules PASSED [ 11%]
tests/test_cli_interface.py::TestDisplayFunctions::test_show_main_menu PASSED [ 13%]
tests/test_cli_interface.py::TestUserInput::test_get_user_input_normal_input PASSED [ 15%]
tests/test_cli_interface.py::TestUserInput::test_get_user_input_strips_whitespace PASSED [ 16%]
tests/test_cli_interface.py::TestUserInput::test_get_user_input_keyboard_interrupt PASSED [ 18%]
tests/test_cli_interface.py::TestUserInput::test_get_user_input_empty_input PASSED [ 20%]
tests/test_cli_interface.py::TestGameIntegration::test_complete_winning_game_flow PASSED [ 22%]
tests/test_cli_interface.py::TestGameIntegration::test_complete_losing_game_flow PASSED [ 24%]
tests/test_cli_interface.py::TestGameIntegration::test_game_board_display_during_play PASSED [ 26%]
tests/test_game_logic.py::TestWordValidation::test_get_random_word_returns_valid_word PASSED [ 28%]
tests/test_game_logic.py::TestWordValidation::test_get_random_word_multiple_calls PASSED [ 30%]
tests/test_game_logic.py::TestWordValidation::test_is_valid_word_with_valid_words PASSED [ 32%]
tests/test_game_logic.py::TestWordValidation::test_is_valid_word_with_invalid_words PASSED [ 33%]
tests/test_game_logic.py::TestWordValidation::test_is_valid_word_edge_cases PASSED [ 35%]
tests/test_game_logic.py::TestGuessValidation::test_validate_guess_all_correct PASSED [ 37%]
tests/test_game_logic.py::TestGuessValidation::test_validate_guess_all_absent PASSED [ 39%]
tests/test_game_logic.py::TestGuessValidation::test_validate_guess_mixed_feedback PASSED [ 41%]
tests/test_game_logic.py::TestGuessValidation::test_validate_guess_duplicate_letters_in_guess PASSED [ 43%]
tests/test_game_logic.py::TestGuessValidation::test_validate_guess_duplicate_letters_complex PASSED [ 45%]
tests/test_game_logic.py::TestGuessValidation::test_validate_guess_case_insensitive PASSED [ 47%]
tests/test_game_logic.py::TestGameFlow::test_create_new_game PASSED      [ 49%]
tests/test_game_logic.py::TestGameFlow::test_make_guess_valid_word PASSED [ 50%]
tests/test_game_logic.py::TestGameFlow::test_make_guess_invalid_word PASSED [ 52%]
tests/test_game_logic.py::TestGameFlow::test_make_guess_winning_guess PASSED [ 54%]
tests/test_game_logic.py::TestGameFlow::test_make_guess_game_over_no_more_guesses PASSED [ 56%]
tests/test_game_logic.py::TestGameFlow::test_make_guess_max_guesses_reached PASSED [ 58%]
tests/test_game_logic.py::TestGameFlow::test_make_guess_case_handling PASSED [ 60%]
tests/test_integration.py::TestCompleteGameWorkflows::test_complete_winning_game_session PASSED [ 62%]
tests/test_integration.py::TestCompleteGameWorkflows::test_complete_losing_game_session PASSED [ 64%]
tests/test_integration.py::TestCompleteGameWorkflows::test_quit_during_game PASSED [ 66%]
tests/test_integration.py::TestCompleteGameWorkflows::test_invalid_input_handling PASSED [ 67%]
tests/test_integration.py::TestMainMenuIntegration::test_main_menu_view_rules_then_quit PASSED [ 69%]
tests/test_integration.py::TestMainMenuIntegration::test_main_menu_view_stats_then_quit PASSED [ 71%]
tests/test_integration.py::TestMainMenuIntegration::test_main_menu_invalid_choice_then_play_game PASSED [ 73%]
tests/test_integration.py::TestGameStateIntegration::test_game_state_progression_through_multiple_guesses PASSED [ 75%]
tests/test_integration.py::TestGameStateIntegration::test_game_timing_integration PASSED [ 77%]
tests/test_integration.py::TestGameStateIntegration::test_word_list_integration PASSED [ 79%]
tests/test_integration.py::TestErrorHandlingIntegration::test_keyboard_interrupt_handling_in_game PASSED [ 81%]
tests/test_integration.py::TestErrorHandlingIntegration::test_edge_case_word_validation_integration PASSED [ 83%]
tests/test_integration.py::TestErrorHandlingIntegration::test_duplicate_letter_handling_integration PASSED [ 84%]
tests/test_models.py::TestGameState::test_game_state_initialization PASSED [ 86%]
tests/test_models.py::TestGameState::test_game_state_attributes_can_be_modified PASSED [ 88%]
tests/test_models.py::TestGameState::test_game_state_guesses_list_operations PASSED [ 90%]
tests/test_models.py::TestGuessResult::test_guess_result_initialization PASSED [ 92%]
tests/test_models.py::TestGuessResult::test_guess_result_with_empty_feedback PASSED [ 94%]
tests/test_models.py::TestGuessResult::test_guess_result_with_all_correct_feedback PASSED [ 96%]
tests/test_models.py::TestGuessResult::test_guess_result_with_mixed_feedback PASSED [ 98%]
tests/test_models.py::TestGuessResult::test_guess_result_attributes_can_be_modified PASSED [100%]

============================== 53 passed in 0.10s ==============================
